<?xml version="1.0"?>
<link_info>
   <banner>TI ARM Linker PC v15.12.3.LTS</banner>
   <copyright>Copyright (c) 1996-2015 Texas Instruments Incorporated</copyright>
   <link_time>0x5ecd31d7</link_time>
   <link_errors>0x0</link_errors>
   <output_file>canopennode.out</output_file>
   <entry_point>
      <name>_c_int00</name>
      <address>0x859d</address>
   </entry_point>
   <input_file_list>
      <input_file id="fl-2">
         <path>.\</path>
         <kind>object</kind>
         <file>CANopen.obj</file>
         <name>CANopen.obj</name>
      </input_file>
      <input_file id="fl-3">
         <path>.\</path>
         <kind>object</kind>
         <file>CO_Emergency.obj</file>
         <name>CO_Emergency.obj</name>
      </input_file>
      <input_file id="fl-4">
         <path>.\</path>
         <kind>object</kind>
         <file>CO_HBconsumer.obj</file>
         <name>CO_HBconsumer.obj</name>
      </input_file>
      <input_file id="fl-5">
         <path>.\</path>
         <kind>object</kind>
         <file>CO_NMT_Heartbeat.obj</file>
         <name>CO_NMT_Heartbeat.obj</name>
      </input_file>
      <input_file id="fl-6">
         <path>.\</path>
         <kind>object</kind>
         <file>CO_OD.obj</file>
         <name>CO_OD.obj</name>
      </input_file>
      <input_file id="fl-7">
         <path>.\</path>
         <kind>object</kind>
         <file>CO_PDO.obj</file>
         <name>CO_PDO.obj</name>
      </input_file>
      <input_file id="fl-8">
         <path>.\</path>
         <kind>object</kind>
         <file>CO_SDOclient.obj</file>
         <name>CO_SDOclient.obj</name>
      </input_file>
      <input_file id="fl-9">
         <path>.\</path>
         <kind>object</kind>
         <file>CO_SDOserver.obj</file>
         <name>CO_SDOserver.obj</name>
      </input_file>
      <input_file id="fl-a">
         <path>.\</path>
         <kind>object</kind>
         <file>CO_SYNC.obj</file>
         <name>CO_SYNC.obj</name>
      </input_file>
      <input_file id="fl-b">
         <path>.\</path>
         <kind>object</kind>
         <file>CO_TIME.obj</file>
         <name>CO_TIME.obj</name>
      </input_file>
      <input_file id="fl-c">
         <path>.\</path>
         <kind>object</kind>
         <file>CO_driver_blank.obj</file>
         <name>CO_driver_blank.obj</name>
      </input_file>
      <input_file id="fl-d">
         <path>.\</path>
         <kind>object</kind>
         <file>CO_fifo.obj</file>
         <name>CO_fifo.obj</name>
      </input_file>
      <input_file id="fl-e">
         <path>.\</path>
         <kind>object</kind>
         <file>crc16-ccitt.obj</file>
         <name>crc16-ccitt.obj</name>
      </input_file>
      <input_file id="fl-f">
         <path>.\</path>
         <kind>object</kind>
         <file>eeprom.obj</file>
         <name>eeprom.obj</name>
      </input_file>
      <input_file id="fl-10">
         <path>.\</path>
         <kind>object</kind>
         <file>main_blank.obj</file>
         <name>main_blank.obj</name>
      </input_file>
      <input_file id="fl-14">
         <path>D:\ti\ccsv6\tools\compiler\arm_15.12.3.LTS\lib\</path>
         <kind>archive</kind>
         <file>rtsv7M3_T_le_eabi.lib</file>
         <name>boot.obj</name>
      </input_file>
      <input_file id="fl-15">
         <path>D:\ti\ccsv6\tools\compiler\arm_15.12.3.LTS\lib\</path>
         <kind>archive</kind>
         <file>rtsv7M3_T_le_eabi.lib</file>
         <name>copy_decompress_none.obj</name>
      </input_file>
      <input_file id="fl-16">
         <path>D:\ti\ccsv6\tools\compiler\arm_15.12.3.LTS\lib\</path>
         <kind>archive</kind>
         <file>rtsv7M3_T_le_eabi.lib</file>
         <name>copy_decompress_rle.obj</name>
      </input_file>
      <input_file id="fl-17">
         <path>D:\ti\ccsv6\tools\compiler\arm_15.12.3.LTS\lib\</path>
         <kind>archive</kind>
         <file>rtsv7M3_T_le_eabi.lib</file>
         <name>copy_zero_init.obj</name>
      </input_file>
      <input_file id="fl-18">
         <path>D:\ti\ccsv6\tools\compiler\arm_15.12.3.LTS\lib\</path>
         <kind>archive</kind>
         <file>rtsv7M3_T_le_eabi.lib</file>
         <name>defs.obj</name>
      </input_file>
      <input_file id="fl-19">
         <path>D:\ti\ccsv6\tools\compiler\arm_15.12.3.LTS\lib\</path>
         <kind>archive</kind>
         <file>rtsv7M3_T_le_eabi.lib</file>
         <name>exit.obj</name>
      </input_file>
      <input_file id="fl-1a">
         <path>D:\ti\ccsv6\tools\compiler\arm_15.12.3.LTS\lib\</path>
         <kind>archive</kind>
         <file>rtsv7M3_T_le_eabi.lib</file>
         <name>fflush.obj</name>
      </input_file>
      <input_file id="fl-1b">
         <path>D:\ti\ccsv6\tools\compiler\arm_15.12.3.LTS\lib\</path>
         <kind>archive</kind>
         <file>rtsv7M3_T_le_eabi.lib</file>
         <name>fs_tod_t2.obj</name>
      </input_file>
      <input_file id="fl-1c">
         <path>D:\ti\ccsv6\tools\compiler\arm_15.12.3.LTS\lib\</path>
         <kind>archive</kind>
         <file>rtsv7M3_T_le_eabi.lib</file>
         <name>isgraph.obj</name>
      </input_file>
      <input_file id="fl-1d">
         <path>D:\ti\ccsv6\tools\compiler\arm_15.12.3.LTS\lib\</path>
         <kind>archive</kind>
         <file>rtsv7M3_T_le_eabi.lib</file>
         <name>isxdigit.obj</name>
      </input_file>
      <input_file id="fl-1e">
         <path>D:\ti\ccsv6\tools\compiler\arm_15.12.3.LTS\lib\</path>
         <kind>archive</kind>
         <file>rtsv7M3_T_le_eabi.lib</file>
         <name>lowlev.obj</name>
      </input_file>
      <input_file id="fl-1f">
         <path>D:\ti\ccsv6\tools\compiler\arm_15.12.3.LTS\lib\</path>
         <kind>archive</kind>
         <file>rtsv7M3_T_le_eabi.lib</file>
         <name>memchr.obj</name>
      </input_file>
      <input_file id="fl-20">
         <path>D:\ti\ccsv6\tools\compiler\arm_15.12.3.LTS\lib\</path>
         <kind>archive</kind>
         <file>rtsv7M3_T_le_eabi.lib</file>
         <name>memcpy_t2.obj</name>
      </input_file>
      <input_file id="fl-21">
         <path>D:\ti\ccsv6\tools\compiler\arm_15.12.3.LTS\lib\</path>
         <kind>archive</kind>
         <file>rtsv7M3_T_le_eabi.lib</file>
         <name>memory.obj</name>
      </input_file>
      <input_file id="fl-22">
         <path>D:\ti\ccsv6\tools\compiler\arm_15.12.3.LTS\lib\</path>
         <kind>archive</kind>
         <file>rtsv7M3_T_le_eabi.lib</file>
         <name>memset_t2.obj</name>
      </input_file>
      <input_file id="fl-23">
         <path>D:\ti\ccsv6\tools\compiler\arm_15.12.3.LTS\lib\</path>
         <kind>archive</kind>
         <file>rtsv7M3_T_le_eabi.lib</file>
         <name>mpu_init.obj</name>
      </input_file>
      <input_file id="fl-24">
         <path>D:\ti\ccsv6\tools\compiler\arm_15.12.3.LTS\lib\</path>
         <kind>archive</kind>
         <file>rtsv7M3_T_le_eabi.lib</file>
         <name>pre_init.obj</name>
      </input_file>
      <input_file id="fl-25">
         <path>D:\ti\ccsv6\tools\compiler\arm_15.12.3.LTS\lib\</path>
         <kind>archive</kind>
         <file>rtsv7M3_T_le_eabi.lib</file>
         <name>printf.obj</name>
      </input_file>
      <input_file id="fl-26">
         <path>D:\ti\ccsv6\tools\compiler\arm_15.12.3.LTS\lib\</path>
         <kind>archive</kind>
         <file>rtsv7M3_T_le_eabi.lib</file>
         <name>sprintf.obj</name>
      </input_file>
      <input_file id="fl-27">
         <path>D:\ti\ccsv6\tools\compiler\arm_15.12.3.LTS\lib\</path>
         <kind>archive</kind>
         <file>rtsv7M3_T_le_eabi.lib</file>
         <name>stkdepth_vars.obj</name>
      </input_file>
      <input_file id="fl-28">
         <path>D:\ti\ccsv6\tools\compiler\arm_15.12.3.LTS\lib\</path>
         <kind>archive</kind>
         <file>rtsv7M3_T_le_eabi.lib</file>
         <name>strchr.obj</name>
      </input_file>
      <input_file id="fl-29">
         <path>D:\ti\ccsv6\tools\compiler\arm_15.12.3.LTS\lib\</path>
         <kind>archive</kind>
         <file>rtsv7M3_T_le_eabi.lib</file>
         <name>strcmp.obj</name>
      </input_file>
      <input_file id="fl-2a">
         <path>D:\ti\ccsv6\tools\compiler\arm_15.12.3.LTS\lib\</path>
         <kind>archive</kind>
         <file>rtsv7M3_T_le_eabi.lib</file>
         <name>strncpy.obj</name>
      </input_file>
      <input_file id="fl-2b">
         <path>D:\ti\ccsv6\tools\compiler\arm_15.12.3.LTS\lib\</path>
         <kind>archive</kind>
         <file>rtsv7M3_T_le_eabi.lib</file>
         <name>strtof.obj</name>
      </input_file>
      <input_file id="fl-2c">
         <path>D:\ti\ccsv6\tools\compiler\arm_15.12.3.LTS\lib\</path>
         <kind>archive</kind>
         <file>rtsv7M3_T_le_eabi.lib</file>
         <name>strtol.obj</name>
      </input_file>
      <input_file id="fl-2d">
         <path>D:\ti\ccsv6\tools\compiler\arm_15.12.3.LTS\lib\</path>
         <kind>archive</kind>
         <file>rtsv7M3_T_le_eabi.lib</file>
         <name>strtoll.obj</name>
      </input_file>
      <input_file id="fl-2e">
         <path>D:\ti\ccsv6\tools\compiler\arm_15.12.3.LTS\lib\</path>
         <kind>archive</kind>
         <file>rtsv7M3_T_le_eabi.lib</file>
         <name>strtoul.obj</name>
      </input_file>
      <input_file id="fl-2f">
         <path>D:\ti\ccsv6\tools\compiler\arm_15.12.3.LTS\lib\</path>
         <kind>archive</kind>
         <file>rtsv7M3_T_le_eabi.lib</file>
         <name>strtoull.obj</name>
      </input_file>
      <input_file id="fl-30">
         <path>D:\ti\ccsv6\tools\compiler\arm_15.12.3.LTS\lib\</path>
         <kind>archive</kind>
         <file>rtsv7M3_T_le_eabi.lib</file>
         <name>trgdrv.obj</name>
      </input_file>
      <input_file id="fl-31">
         <path>D:\ti\ccsv6\tools\compiler\arm_15.12.3.LTS\lib\</path>
         <kind>archive</kind>
         <file>rtsv7M3_T_le_eabi.lib</file>
         <name>trgmsg.obj</name>
      </input_file>
      <input_file id="fl-32">
         <path>D:\ti\ccsv6\tools\compiler\arm_15.12.3.LTS\lib\</path>
         <kind>archive</kind>
         <file>rtsv7M3_T_le_eabi.lib</file>
         <name>ull_div_t2.obj</name>
      </input_file>
      <input_file id="fl-33">
         <path>D:\ti\ccsv6\tools\compiler\arm_15.12.3.LTS\lib\</path>
         <kind>archive</kind>
         <file>rtsv7M3_T_le_eabi.lib</file>
         <name>_lock.obj</name>
      </input_file>
      <input_file id="fl-34">
         <path>D:\ti\ccsv6\tools\compiler\arm_15.12.3.LTS\lib\</path>
         <kind>archive</kind>
         <file>rtsv7M3_T_le_eabi.lib</file>
         <name>_printfi.obj</name>
      </input_file>
      <input_file id="fl-35">
         <path>D:\ti\ccsv6\tools\compiler\arm_15.12.3.LTS\lib\</path>
         <kind>archive</kind>
         <file>rtsv7M3_T_le_eabi.lib</file>
         <name>args_main.obj</name>
      </input_file>
      <input_file id="fl-36">
         <path>D:\ti\ccsv6\tools\compiler\arm_15.12.3.LTS\lib\</path>
         <kind>archive</kind>
         <file>rtsv7M3_T_le_eabi.lib</file>
         <name>atoi.obj</name>
      </input_file>
      <input_file id="fl-37">
         <path>D:\ti\ccsv6\tools\compiler\arm_15.12.3.LTS\lib\</path>
         <kind>archive</kind>
         <file>rtsv7M3_T_le_eabi.lib</file>
         <name>autoinit.obj</name>
      </input_file>
      <input_file id="fl-38">
         <path>D:\ti\ccsv6\tools\compiler\arm_15.12.3.LTS\lib\</path>
         <kind>archive</kind>
         <file>rtsv7M3_T_le_eabi.lib</file>
         <name>cpy_tbl.obj</name>
      </input_file>
      <input_file id="fl-39">
         <path>D:\ti\ccsv6\tools\compiler\arm_15.12.3.LTS\lib\</path>
         <kind>archive</kind>
         <file>rtsv7M3_T_le_eabi.lib</file>
         <name>ctype.obj</name>
      </input_file>
      <input_file id="fl-3a">
         <path>D:\ti\ccsv6\tools\compiler\arm_15.12.3.LTS\lib\</path>
         <kind>archive</kind>
         <file>rtsv7M3_T_le_eabi.lib</file>
         <name>errno.obj</name>
      </input_file>
      <input_file id="fl-3b">
         <path>D:\ti\ccsv6\tools\compiler\arm_15.12.3.LTS\lib\</path>
         <kind>archive</kind>
         <file>rtsv7M3_T_le_eabi.lib</file>
         <name>fd_add_t2.obj</name>
      </input_file>
      <input_file id="fl-3c">
         <path>D:\ti\ccsv6\tools\compiler\arm_15.12.3.LTS\lib\</path>
         <kind>archive</kind>
         <file>rtsv7M3_T_le_eabi.lib</file>
         <name>fd_cmp_t2.obj</name>
      </input_file>
      <input_file id="fl-3d">
         <path>D:\ti\ccsv6\tools\compiler\arm_15.12.3.LTS\lib\</path>
         <kind>archive</kind>
         <file>rtsv7M3_T_le_eabi.lib</file>
         <name>fd_div_t2.obj</name>
      </input_file>
      <input_file id="fl-3e">
         <path>D:\ti\ccsv6\tools\compiler\arm_15.12.3.LTS\lib\</path>
         <kind>archive</kind>
         <file>rtsv7M3_T_le_eabi.lib</file>
         <name>fd_mul_t2.obj</name>
      </input_file>
      <input_file id="fl-3f">
         <path>D:\ti\ccsv6\tools\compiler\arm_15.12.3.LTS\lib\</path>
         <kind>archive</kind>
         <file>rtsv7M3_T_le_eabi.lib</file>
         <name>fd_toi_t2.obj</name>
      </input_file>
      <input_file id="fl-40">
         <path>D:\ti\ccsv6\tools\compiler\arm_15.12.3.LTS\lib\</path>
         <kind>archive</kind>
         <file>rtsv7M3_T_le_eabi.lib</file>
         <name>fputc.obj</name>
      </input_file>
      <input_file id="fl-41">
         <path>D:\ti\ccsv6\tools\compiler\arm_15.12.3.LTS\lib\</path>
         <kind>archive</kind>
         <file>rtsv7M3_T_le_eabi.lib</file>
         <name>fputs.obj</name>
      </input_file>
      <input_file id="fl-42">
         <path>D:\ti\ccsv6\tools\compiler\arm_15.12.3.LTS\lib\</path>
         <kind>archive</kind>
         <file>rtsv7M3_T_le_eabi.lib</file>
         <name>fs_add_t2.obj</name>
      </input_file>
      <input_file id="fl-43">
         <path>D:\ti\ccsv6\tools\compiler\arm_15.12.3.LTS\lib\</path>
         <kind>archive</kind>
         <file>rtsv7M3_T_le_eabi.lib</file>
         <name>fs_cmp_t2.obj</name>
      </input_file>
      <input_file id="fl-44">
         <path>D:\ti\ccsv6\tools\compiler\arm_15.12.3.LTS\lib\</path>
         <kind>archive</kind>
         <file>rtsv7M3_T_le_eabi.lib</file>
         <name>fs_div_t2.obj</name>
      </input_file>
      <input_file id="fl-45">
         <path>D:\ti\ccsv6\tools\compiler\arm_15.12.3.LTS\lib\</path>
         <kind>archive</kind>
         <file>rtsv7M3_T_le_eabi.lib</file>
         <name>fs_mul_t2.obj</name>
      </input_file>
      <input_file id="fl-46">
         <path>D:\ti\ccsv6\tools\compiler\arm_15.12.3.LTS\lib\</path>
         <kind>archive</kind>
         <file>rtsv7M3_T_le_eabi.lib</file>
         <name>i_tofd_t2.obj</name>
      </input_file>
      <input_file id="fl-47">
         <path>D:\ti\ccsv6\tools\compiler\arm_15.12.3.LTS\lib\</path>
         <kind>archive</kind>
         <file>rtsv7M3_T_le_eabi.lib</file>
         <name>ll_mul_t2.obj</name>
      </input_file>
      <input_file id="fl-48">
         <path>D:\ti\ccsv6\tools\compiler\arm_15.12.3.LTS\lib\</path>
         <kind>archive</kind>
         <file>rtsv7M3_T_le_eabi.lib</file>
         <name>ltoa.obj</name>
      </input_file>
      <input_file id="fl-49">
         <path>D:\ti\ccsv6\tools\compiler\arm_15.12.3.LTS\lib\</path>
         <kind>archive</kind>
         <file>rtsv7M3_T_le_eabi.lib</file>
         <name>memccpy.obj</name>
      </input_file>
      <input_file id="fl-4a">
         <path>D:\ti\ccsv6\tools\compiler\arm_15.12.3.LTS\lib\</path>
         <kind>archive</kind>
         <file>rtsv7M3_T_le_eabi.lib</file>
         <name>s_frexp.obj</name>
      </input_file>
      <input_file id="fl-4b">
         <path>D:\ti\ccsv6\tools\compiler\arm_15.12.3.LTS\lib\</path>
         <kind>archive</kind>
         <file>rtsv7M3_T_le_eabi.lib</file>
         <name>s_scalbn.obj</name>
      </input_file>
      <input_file id="fl-4c">
         <path>D:\ti\ccsv6\tools\compiler\arm_15.12.3.LTS\lib\</path>
         <kind>archive</kind>
         <file>rtsv7M3_T_le_eabi.lib</file>
         <name>startup.obj</name>
      </input_file>
      <input_file id="fl-4d">
         <path>D:\ti\ccsv6\tools\compiler\arm_15.12.3.LTS\lib\</path>
         <kind>archive</kind>
         <file>rtsv7M3_T_le_eabi.lib</file>
         <name>strcpy.obj</name>
      </input_file>
      <input_file id="fl-4e">
         <path>D:\ti\ccsv6\tools\compiler\arm_15.12.3.LTS\lib\</path>
         <kind>archive</kind>
         <file>rtsv7M3_T_le_eabi.lib</file>
         <name>strlen.obj</name>
      </input_file>
      <input_file id="fl-4f">
         <path>D:\ti\ccsv6\tools\compiler\arm_15.12.3.LTS\lib\</path>
         <kind>archive</kind>
         <file>rtsv7M3_T_le_eabi.lib</file>
         <name>_io_perm.obj</name>
      </input_file>
      <input_file id="fl-50">
         <path>D:\ti\ccsv6\tools\compiler\arm_15.12.3.LTS\lib\</path>
         <kind>archive</kind>
         <file>rtsv7M3_T_le_eabi.lib</file>
         <name>fseek.obj</name>
      </input_file>
      <input_file id="fl-51">
         <path>D:\ti\ccsv6\tools\compiler\arm_15.12.3.LTS\lib\</path>
         <kind>archive</kind>
         <file>rtsv7M3_T_le_eabi.lib</file>
         <name>s_copysign.obj</name>
      </input_file>
      <input_file id="fl-52">
         <path>D:\ti\ccsv6\tools\compiler\arm_15.12.3.LTS\lib\</path>
         <kind>archive</kind>
         <file>rtsv7M3_T_le_eabi.lib</file>
         <name>setvbuf.obj</name>
      </input_file>
      <input_file id="fl-53">
         <path>D:\ti\ccsv6\tools\compiler\arm_15.12.3.LTS\lib\</path>
         <kind>archive</kind>
         <file>rtsv7M3_T_le_eabi.lib</file>
         <name>fopen.obj</name>
      </input_file>
      <input_file id="fl-54">
         <path>D:\ti\ccsv6\tools\compiler\arm_15.12.3.LTS\lib\</path>
         <kind>archive</kind>
         <file>rtsv7M3_T_le_eabi.lib</file>
         <name>fclose.obj</name>
      </input_file>
      <input_file id="fl-55">
         <path>D:\ti\ccsv6\tools\compiler\arm_15.12.3.LTS\lib\</path>
         <kind>archive</kind>
         <file>rtsv7M3_T_le_eabi.lib</file>
         <name>remove.obj</name>
      </input_file>
   </input_file_list>
   <object_component_list>
      <object_component id="oc-141">
         <name>.text</name>
         <load_address>0x20</load_address>
         <run_address>0x20</run_address>
         <size>0x10f0</size>
         <input_file_ref idref="fl-34"/>
      </object_component>
      <object_component id="oc-1a8">
         <name>.text:CO_SDO_process</name>
         <load_address>0x1110</load_address>
         <run_address>0x1110</run_address>
         <size>0x10ac</size>
         <input_file_ref idref="fl-9"/>
      </object_component>
      <object_component id="oc-d1">
         <name>.text:CO_CANopenInit</name>
         <load_address>0x21bc</load_address>
         <run_address>0x21bc</run_address>
         <size>0x50c</size>
         <input_file_ref idref="fl-2"/>
      </object_component>
      <object_component id="oc-1b4">
         <name>.text:CO_NMT_process</name>
         <load_address>0x26c8</load_address>
         <run_address>0x26c8</run_address>
         <size>0x4aa</size>
         <input_file_ref idref="fl-5"/>
      </object_component>
      <object_component id="oc-43">
         <name>.text</name>
         <load_address>0x2b72</load_address>
         <run_address>0x2b72</run_address>
         <size>0x2</size>
         <input_file_ref idref="fl-23"/>
      </object_component>
      <object_component id="oc-127">
         <name>.text</name>
         <load_address>0x2b74</load_address>
         <run_address>0x2b74</run_address>
         <size>0x3dc</size>
         <input_file_ref idref="fl-21"/>
      </object_component>
      <object_component id="oc-bf">
         <name>.text:CO_new</name>
         <load_address>0x2f50</load_address>
         <run_address>0x2f50</run_address>
         <size>0x330</size>
         <input_file_ref idref="fl-2"/>
      </object_component>
      <object_component id="oc-508">
         <name>.text</name>
         <load_address>0x3280</load_address>
         <run_address>0x3280</run_address>
         <size>0x324</size>
         <input_file_ref idref="fl-30"/>
      </object_component>
      <object_component id="oc-19d">
         <name>.text</name>
         <load_address>0x35a4</load_address>
         <run_address>0x35a4</run_address>
         <size>0x30c</size>
         <input_file_ref idref="fl-1e"/>
      </object_component>
      <object_component id="oc-1ae">
         <name>.text:CO_EM_process</name>
         <load_address>0x38b0</load_address>
         <run_address>0x38b0</run_address>
         <size>0x26c</size>
         <input_file_ref idref="fl-3"/>
      </object_component>
      <object_component id="oc-1c0">
         <name>.text:CO_HBconsumer_process</name>
         <load_address>0x3b1c</load_address>
         <run_address>0x3b1c</run_address>
         <size>0x254</size>
         <input_file_ref idref="fl-4"/>
      </object_component>
      <object_component id="oc-91">
         <name>.text:main</name>
         <load_address>0x3d70</load_address>
         <run_address>0x3d70</run_address>
         <size>0x244</size>
         <input_file_ref idref="fl-10"/>
      </object_component>
      <object_component id="oc-496">
         <name>.text:CO_PDOfindMap</name>
         <load_address>0x3fb4</load_address>
         <run_address>0x3fb4</run_address>
         <size>0x1f4</size>
         <input_file_ref idref="fl-7"/>
      </object_component>
      <object_component id="oc-233">
         <name>.text</name>
         <load_address>0x41a8</load_address>
         <run_address>0x41a8</run_address>
         <size>0x1f4</size>
         <input_file_ref idref="fl-32"/>
      </object_component>
      <object_component id="oc-364">
         <name>.text:CO_ODF_TPDOcom</name>
         <load_address>0x439c</load_address>
         <run_address>0x439c</run_address>
         <size>0x1c8</size>
         <input_file_ref idref="fl-7"/>
      </object_component>
      <object_component id="oc-53f">
         <name>.text</name>
         <load_address>0x4564</load_address>
         <run_address>0x4564</run_address>
         <size>0x1c4</size>
         <input_file_ref idref="fl-53"/>
      </object_component>
      <object_component id="oc-25c">
         <name>.text</name>
         <load_address>0x4728</load_address>
         <run_address>0x4728</run_address>
         <size>0x1b6</size>
         <input_file_ref idref="fl-3b"/>
      </object_component>
      <object_component id="oc-89">
         <name>.text</name>
         <load_address>0x48de</load_address>
         <run_address>0x48de</run_address>
         <size>0x2</size>
         <input_file_ref idref="fl-4c"/>
      </object_component>
      <object_component id="oc-15b">
         <name>.text:CO_SDO_init</name>
         <load_address>0x48e0</load_address>
         <run_address>0x48e0</run_address>
         <size>0x1ac</size>
         <input_file_ref idref="fl-9"/>
      </object_component>
      <object_component id="oc-2b2">
         <name>.text:CO_SDO_receive</name>
         <load_address>0x4a8c</load_address>
         <run_address>0x4a8c</run_address>
         <size>0x198</size>
         <input_file_ref idref="fl-9"/>
      </object_component>
      <object_component id="oc-16d">
         <name>.text:CO_SYNC_init</name>
         <load_address>0x4c24</load_address>
         <run_address>0x4c24</run_address>
         <size>0x184</size>
         <input_file_ref idref="fl-a"/>
      </object_component>
      <object_component id="oc-4fb">
         <name>.text:CO_SDOclient_receive</name>
         <load_address>0x4da8</load_address>
         <run_address>0x4da8</run_address>
         <size>0x178</size>
         <input_file_ref idref="fl-8"/>
      </object_component>
      <object_component id="oc-161">
         <name>.text:CO_EM_init</name>
         <load_address>0x4f20</load_address>
         <run_address>0x4f20</run_address>
         <size>0x16c</size>
         <input_file_ref idref="fl-3"/>
      </object_component>
      <object_component id="oc-371">
         <name>.text:CO_HBconsumer_initEntry</name>
         <load_address>0x508c</load_address>
         <run_address>0x508c</run_address>
         <size>0x168</size>
         <input_file_ref idref="fl-4"/>
      </object_component>
      <object_component id="oc-e9">
         <name>.text:CO_delete</name>
         <load_address>0x51f4</load_address>
         <run_address>0x51f4</run_address>
         <size>0x168</size>
         <input_file_ref idref="fl-2"/>
      </object_component>
      <object_component id="oc-304">
         <name>.text:CO_ODF_RPDOcom</name>
         <load_address>0x535c</load_address>
         <run_address>0x535c</run_address>
         <size>0x160</size>
         <input_file_ref idref="fl-7"/>
      </object_component>
      <object_component id="oc-3ba">
         <name>.text:CO_SDO_initTransfer</name>
         <load_address>0x54bc</load_address>
         <run_address>0x54bc</run_address>
         <size>0x160</size>
         <input_file_ref idref="fl-9"/>
      </object_component>
      <object_component id="oc-385">
         <name>.text:CO_SDOclient_setup</name>
         <load_address>0x561c</load_address>
         <run_address>0x561c</run_address>
         <size>0x13c</size>
         <input_file_ref idref="fl-8"/>
      </object_component>
      <object_component id="oc-18e">
         <name>.text:CO_HBconsumer_init</name>
         <load_address>0x5758</load_address>
         <run_address>0x5758</run_address>
         <size>0x138</size>
         <input_file_ref idref="fl-4"/>
      </object_component>
      <object_component id="oc-242">
         <name>.text</name>
         <load_address>0x5890</load_address>
         <run_address>0x5890</run_address>
         <size>0x136</size>
         <input_file_ref idref="fl-3d"/>
      </object_component>
      <object_component id="oc-167">
         <name>.text:CO_NMT_init</name>
         <load_address>0x59c8</load_address>
         <run_address>0x59c8</run_address>
         <size>0x134</size>
         <input_file_ref idref="fl-5"/>
      </object_component>
      <object_component id="oc-13b">
         <name>.text</name>
         <load_address>0x5afc</load_address>
         <run_address>0x5afc</run_address>
         <size>0x134</size>
         <input_file_ref idref="fl-41"/>
      </object_component>
      <object_component id="oc-173">
         <name>.text:CO_TIME_init</name>
         <load_address>0x5c30</load_address>
         <run_address>0x5c30</run_address>
         <size>0x124</size>
         <input_file_ref idref="fl-b"/>
      </object_component>
      <object_component id="oc-3df">
         <name>.text:CO_CANverifyErrors</name>
         <load_address>0x5d54</load_address>
         <run_address>0x5d54</run_address>
         <size>0x122</size>
         <input_file_ref idref="fl-c"/>
      </object_component>
      <object_component id="oc-3e5">
         <name>.text:CO_errorReport</name>
         <load_address>0x5e76</load_address>
         <run_address>0x5e76</run_address>
         <size>0x11e</size>
         <input_file_ref idref="fl-3"/>
      </object_component>
      <object_component id="oc-188">
         <name>.text:CO_TPDO_init</name>
         <load_address>0x5f94</load_address>
         <run_address>0x5f94</run_address>
         <size>0x118</size>
         <input_file_ref idref="fl-7"/>
      </object_component>
      <object_component id="oc-3eb">
         <name>.text:CO_errorReset</name>
         <load_address>0x60ac</load_address>
         <run_address>0x60ac</run_address>
         <size>0x116</size>
         <input_file_ref idref="fl-3"/>
      </object_component>
      <object_component id="oc-154">
         <name>.text:CO_CANmodule_init</name>
         <load_address>0x61c2</load_address>
         <run_address>0x61c2</run_address>
         <size>0x114</size>
         <input_file_ref idref="fl-c"/>
      </object_component>
      <object_component id="oc-1ba">
         <name>.text:CO_TIME_process</name>
         <load_address>0x62d6</load_address>
         <run_address>0x62d6</run_address>
         <size>0x110</size>
         <input_file_ref idref="fl-b"/>
      </object_component>
      <object_component id="oc-2d6">
         <name>.text:CO_ODF_1005</name>
         <load_address>0x63e8</load_address>
         <run_address>0x63e8</run_address>
         <size>0x10c</size>
         <input_file_ref idref="fl-a"/>
      </object_component>
      <object_component id="oc-3c6">
         <name>.text:CO_SDO_writeOD</name>
         <load_address>0x64f4</load_address>
         <run_address>0x64f4</run_address>
         <size>0x104</size>
         <input_file_ref idref="fl-9"/>
      </object_component>
      <object_component id="oc-23d">
         <name>.text</name>
         <load_address>0x65f8</load_address>
         <run_address>0x65f8</run_address>
         <size>0xfc</size>
         <input_file_ref idref="fl-3e"/>
      </object_component>
      <object_component id="oc-3c0">
         <name>.text:CO_SDO_readOD</name>
         <load_address>0x66f4</load_address>
         <run_address>0x66f4</run_address>
         <size>0xf0</size>
         <input_file_ref idref="fl-9"/>
      </object_component>
      <object_component id="oc-e3">
         <name>.text:CO_process</name>
         <load_address>0x67e4</load_address>
         <run_address>0x67e4</run_address>
         <size>0xe0</size>
         <input_file_ref idref="fl-2"/>
      </object_component>
      <object_component id="oc-2ce">
         <name>.text:CO_NMT_receive</name>
         <load_address>0x68c4</load_address>
         <run_address>0x68c4</run_address>
         <size>0xde</size>
         <input_file_ref idref="fl-5"/>
      </object_component>
      <object_component id="oc-41c">
         <name>.text</name>
         <load_address>0x69a4</load_address>
         <run_address>0x69a4</run_address>
         <size>0xdc</size>
         <input_file_ref idref="fl-52"/>
      </object_component>
      <object_component id="oc-30a">
         <name>.text:CO_ODF_RPDOmap</name>
         <load_address>0x6a80</load_address>
         <run_address>0x6a80</run_address>
         <size>0xd8</size>
         <input_file_ref idref="fl-7"/>
      </object_component>
      <object_component id="oc-36a">
         <name>.text:CO_ODF_TPDOmap</name>
         <load_address>0x6b58</load_address>
         <run_address>0x6b58</run_address>
         <size>0xd8</size>
         <input_file_ref idref="fl-7"/>
      </object_component>
      <object_component id="oc-179">
         <name>.text:CO_RPDO_init</name>
         <load_address>0x6c30</load_address>
         <run_address>0x6c30</run_address>
         <size>0xd8</size>
         <input_file_ref idref="fl-7"/>
      </object_component>
      <object_component id="oc-358">
         <name>.text:CO_TPDOconfigMap</name>
         <load_address>0x6d08</load_address>
         <run_address>0x6d08</run_address>
         <size>0xd6</size>
         <input_file_ref idref="fl-7"/>
      </object_component>
      <object_component id="oc-2f8">
         <name>.text:CO_RPDOconfigMap</name>
         <load_address>0x6dde</load_address>
         <run_address>0x6dde</run_address>
         <size>0xd2</size>
         <input_file_ref idref="fl-7"/>
      </object_component>
      <object_component id="oc-267">
         <name>.text</name>
         <load_address>0x6eb0</load_address>
         <run_address>0x6eb0</run_address>
         <size>0xd0</size>
         <input_file_ref idref="fl-4b"/>
      </object_component>
      <object_component id="oc-45a">
         <name>.text:CO_OD_find</name>
         <load_address>0x6f80</load_address>
         <run_address>0x6f80</run_address>
         <size>0xce</size>
         <input_file_ref idref="fl-9"/>
      </object_component>
      <object_component id="oc-dd">
         <name>.text</name>
         <load_address>0x7050</load_address>
         <run_address>0x7050</run_address>
         <size>0xc8</size>
         <input_file_ref idref="fl-1a"/>
      </object_component>
      <object_component id="oc-2fe">
         <name>.text:CO_RPDOconfigCom</name>
         <load_address>0x7118</load_address>
         <run_address>0x7118</run_address>
         <size>0xc0</size>
         <input_file_ref idref="fl-7"/>
      </object_component>
      <object_component id="oc-29a">
         <name>.text:CO_OD_configure</name>
         <load_address>0x71d8</load_address>
         <run_address>0x71d8</run_address>
         <size>0xb2</size>
         <input_file_ref idref="fl-9"/>
      </object_component>
      <object_component id="oc-51e">
         <name>.text:CO_OD_getAttribute</name>
         <load_address>0x728a</load_address>
         <run_address>0x728a</run_address>
         <size>0xb2</size>
         <input_file_ref idref="fl-9"/>
      </object_component>
      <object_component id="oc-194">
         <name>.text:CO_SDOclient_init</name>
         <load_address>0x733c</load_address>
         <run_address>0x733c</run_address>
         <size>0xac</size>
         <input_file_ref idref="fl-8"/>
      </object_component>
      <object_component id="oc-573">
         <name>.text:CO_fifo_write</name>
         <load_address>0x73e8</load_address>
         <run_address>0x73e8</run_address>
         <size>0xac</size>
         <input_file_ref idref="fl-d"/>
      </object_component>
      <object_component id="oc-21d">
         <name>.text</name>
         <load_address>0x7494</load_address>
         <run_address>0x7494</run_address>
         <size>0xac</size>
         <input_file_ref idref="fl-4f"/>
      </object_component>
      <object_component id="oc-2e8">
         <name>.text:CO_SYNC_receive</name>
         <load_address>0x7540</load_address>
         <run_address>0x7540</run_address>
         <size>0xa6</size>
         <input_file_ref idref="fl-a"/>
      </object_component>
      <object_component id="oc-2e2">
         <name>.text:CO_ODF_1019</name>
         <load_address>0x75e8</load_address>
         <run_address>0x75e8</run_address>
         <size>0x9c</size>
         <input_file_ref idref="fl-a"/>
      </object_component>
      <object_component id="oc-1e">
         <name>.text</name>
         <load_address>0x7684</load_address>
         <run_address>0x7684</run_address>
         <size>0x9c</size>
         <input_file_ref idref="fl-20"/>
      </object_component>
      <object_component id="oc-59d">
         <name>.text</name>
         <load_address>0x7720</load_address>
         <run_address>0x7720</run_address>
         <size>0x98</size>
         <input_file_ref idref="fl-54"/>
      </object_component>
      <object_component id="oc-135">
         <name>.text</name>
         <load_address>0x77b8</load_address>
         <run_address>0x77b8</run_address>
         <size>0x98</size>
         <input_file_ref idref="fl-40"/>
      </object_component>
      <object_component id="oc-2a0">
         <name>.text:CO_CANrxBufferInit</name>
         <load_address>0x7850</load_address>
         <run_address>0x7850</run_address>
         <size>0x96</size>
         <input_file_ref idref="fl-c"/>
      </object_component>
      <object_component id="oc-3d2">
         <name>.text:CO_OD_getLength</name>
         <load_address>0x78e6</load_address>
         <run_address>0x78e6</run_address>
         <size>0x92</size>
         <input_file_ref idref="fl-9"/>
      </object_component>
      <object_component id="oc-35e">
         <name>.text:CO_TPDOconfigCom</name>
         <load_address>0x7978</load_address>
         <run_address>0x7978</run_address>
         <size>0x90</size>
         <input_file_ref idref="fl-7"/>
      </object_component>
      <object_component id="oc-518">
         <name>.text:CO_OD_getDataPointer</name>
         <load_address>0x7a08</load_address>
         <run_address>0x7a08</run_address>
         <size>0x8e</size>
         <input_file_ref idref="fl-9"/>
      </object_component>
      <object_component id="oc-49d">
         <name>.text:CO_PDO_receive</name>
         <load_address>0x7a96</load_address>
         <run_address>0x7a96</run_address>
         <size>0x8a</size>
         <input_file_ref idref="fl-7"/>
      </object_component>
      <object_component id="oc-238">
         <name>.text:__aeabi_cdcmple</name>
         <load_address>0x7b20</load_address>
         <run_address>0x7b20</run_address>
         <size>0x86</size>
         <input_file_ref idref="fl-3c"/>
      </object_component>
      <object_component id="oc-247">
         <name>.text:__aeabi_cdrcmple</name>
         <load_address>0x7ba6</load_address>
         <run_address>0x7ba6</run_address>
         <size>0x86</size>
         <input_file_ref idref="fl-3c"/>
      </object_component>
      <object_component id="oc-2ba">
         <name>.text:CO_ODF_1003</name>
         <load_address>0x7c2c</load_address>
         <run_address>0x7c2c</run_address>
         <size>0x84</size>
         <input_file_ref idref="fl-3"/>
      </object_component>
      <object_component id="oc-37">
         <name>.text</name>
         <load_address>0x7cb0</load_address>
         <run_address>0x7cb0</run_address>
         <size>0x7a</size>
         <input_file_ref idref="fl-22"/>
      </object_component>
      <object_component id="oc-3b4">
         <name>.text:CO_SDO_abort</name>
         <load_address>0x7d2a</load_address>
         <run_address>0x7d2a</run_address>
         <size>0x72</size>
         <input_file_ref idref="fl-9"/>
      </object_component>
      <object_component id="oc-377">
         <name>.text:CO_ODF_1016</name>
         <load_address>0x7d9c</load_address>
         <run_address>0x7d9c</run_address>
         <size>0x70</size>
         <input_file_ref idref="fl-4"/>
      </object_component>
      <object_component id="oc-4f">
         <name>.text</name>
         <load_address>0x7e0c</load_address>
         <run_address>0x7e0c</run_address>
         <size>0x70</size>
         <input_file_ref idref="fl-37"/>
      </object_component>
      <object_component id="oc-c5">
         <name>.text</name>
         <load_address>0x7e7c</load_address>
         <run_address>0x7e7c</run_address>
         <size>0x70</size>
         <input_file_ref idref="fl-25"/>
      </object_component>
      <object_component id="oc-2a6">
         <name>.text:CO_CANtxBufferInit</name>
         <load_address>0x7eec</load_address>
         <run_address>0x7eec</run_address>
         <size>0x6c</size>
         <input_file_ref idref="fl-c"/>
      </object_component>
      <object_component id="oc-2a">
         <name>.text</name>
         <load_address>0x7f58</load_address>
         <run_address>0x7f58</run_address>
         <size>0x6a</size>
         <input_file_ref idref="fl-16"/>
      </object_component>
      <object_component id="oc-2f0">
         <name>.text:CO_TIME_receive</name>
         <load_address>0x7fc2</load_address>
         <run_address>0x7fc2</run_address>
         <size>0x68</size>
         <input_file_ref idref="fl-b"/>
      </object_component>
      <object_component id="oc-57e">
         <name>.text</name>
         <load_address>0x802c</load_address>
         <run_address>0x802c</run_address>
         <size>0x68</size>
         <input_file_ref idref="fl-31"/>
      </object_component>
      <object_component id="oc-416">
         <name>.text</name>
         <load_address>0x8094</load_address>
         <run_address>0x8094</run_address>
         <size>0x64</size>
         <input_file_ref idref="fl-50"/>
      </object_component>
      <object_component id="oc-2dc">
         <name>.text:CO_ODF_1006</name>
         <load_address>0x80f8</load_address>
         <run_address>0x80f8</run_address>
         <size>0x62</size>
         <input_file_ref idref="fl-a"/>
      </object_component>
      <object_component id="oc-3cc">
         <name>.text:crc16_ccitt</name>
         <load_address>0x815c</load_address>
         <run_address>0x815c</run_address>
         <size>0x5c</size>
         <input_file_ref idref="fl-e"/>
      </object_component>
      <object_component id="oc-261">
         <name>.text</name>
         <load_address>0x81b8</load_address>
         <run_address>0x81b8</run_address>
         <size>0x5c</size>
         <input_file_ref idref="fl-4a"/>
      </object_component>
      <object_component id="oc-2c6">
         <name>.text:CO_EM_receive</name>
         <load_address>0x8214</load_address>
         <run_address>0x8214</run_address>
         <size>0x5a</size>
         <input_file_ref idref="fl-3"/>
      </object_component>
      <object_component id="oc-3f2">
         <name>.text:CO_isError</name>
         <load_address>0x826e</load_address>
         <run_address>0x826e</run_address>
         <size>0x5a</size>
         <input_file_ref idref="fl-3"/>
      </object_component>
      <object_component id="oc-cb">
         <name>.text:CO_CANinit</name>
         <load_address>0x82c8</load_address>
         <run_address>0x82c8</run_address>
         <size>0x58</size>
         <input_file_ref idref="fl-2"/>
      </object_component>
      <object_component id="oc-3d8">
         <name>.text:CO_CANsend</name>
         <load_address>0x8320</load_address>
         <run_address>0x8320</run_address>
         <size>0x56</size>
         <input_file_ref idref="fl-c"/>
      </object_component>
      <object_component id="oc-251">
         <name>.text</name>
         <load_address>0x8376</load_address>
         <run_address>0x8376</run_address>
         <size>0x56</size>
         <input_file_ref idref="fl-48"/>
      </object_component>
      <object_component id="oc-5b">
         <name>.text</name>
         <load_address>0x83cc</load_address>
         <run_address>0x83cc</run_address>
         <size>0x54</size>
         <input_file_ref idref="fl-19"/>
      </object_component>
      <object_component id="oc-524">
         <name>.text:CO_OD_getFlagsPointer</name>
         <load_address>0x8420</load_address>
         <run_address>0x8420</run_address>
         <size>0x52</size>
         <input_file_ref idref="fl-9"/>
      </object_component>
      <object_component id="oc-279">
         <name>.text</name>
         <load_address>0x8474</load_address>
         <run_address>0x8474</run_address>
         <size>0x4c</size>
         <input_file_ref idref="fl-36"/>
      </object_component>
      <object_component id="oc-83">
         <name>.text</name>
         <load_address>0x84c0</load_address>
         <run_address>0x84c0</run_address>
         <size>0x4c</size>
         <input_file_ref idref="fl-38"/>
      </object_component>
      <object_component id="oc-24c">
         <name>.text</name>
         <load_address>0x850c</load_address>
         <run_address>0x850c</run_address>
         <size>0x48</size>
         <input_file_ref idref="fl-3f"/>
      </object_component>
      <object_component id="oc-4ea">
         <name>.text:CO_HBcons_receive</name>
         <load_address>0x8554</load_address>
         <run_address>0x8554</run_address>
         <size>0x46</size>
         <input_file_ref idref="fl-4"/>
      </object_component>
      <object_component id="oc-15">
         <name>.text</name>
         <load_address>0x859c</load_address>
         <run_address>0x859c</run_address>
         <size>0x40</size>
         <input_file_ref idref="fl-14"/>
      </object_component>
      <object_component id="oc-2ac">
         <name>.text:CO_ODF_1200</name>
         <load_address>0x85dc</load_address>
         <run_address>0x85dc</run_address>
         <size>0x3e</size>
         <input_file_ref idref="fl-9"/>
      </object_component>
      <object_component id="oc-5aa">
         <name>.text:CO_fifo_crc16_ccitt</name>
         <load_address>0x861c</load_address>
         <run_address>0x861c</run_address>
         <size>0x3c</size>
         <input_file_ref idref="fl-d"/>
      </object_component>
      <object_component id="oc-2c0">
         <name>.text:CO_ODF_1014</name>
         <load_address>0x8658</load_address>
         <run_address>0x8658</run_address>
         <size>0x38</size>
         <input_file_ref idref="fl-3"/>
      </object_component>
      <object_component id="oc-37f">
         <name>.text:CO_fifo_init</name>
         <load_address>0x8690</load_address>
         <run_address>0x8690</run_address>
         <size>0x36</size>
         <input_file_ref idref="fl-d"/>
      </object_component>
      <object_component id="oc-39f">
         <name>.text</name>
         <load_address>0x86c6</load_address>
         <run_address>0x86c6</run_address>
         <size>0x30</size>
         <input_file_ref idref="fl-2a"/>
      </object_component>
      <object_component id="oc-257">
         <name>.text</name>
         <load_address>0x86f6</load_address>
         <run_address>0x86f6</run_address>
         <size>0x2e</size>
         <input_file_ref idref="fl-46"/>
      </object_component>
      <object_component id="oc-22b">
         <name>.text</name>
         <load_address>0x8724</load_address>
         <run_address>0x8724</run_address>
         <size>0x20</size>
         <input_file_ref idref="fl-1f"/>
      </object_component>
      <object_component id="oc-273">
         <name>.text</name>
         <load_address>0x8744</load_address>
         <run_address>0x8744</run_address>
         <size>0x1a</size>
         <input_file_ref idref="fl-49"/>
      </object_component>
      <object_component id="oc-55">
         <name>.text</name>
         <load_address>0x8760</load_address>
         <run_address>0x8760</run_address>
         <size>0x18</size>
         <input_file_ref idref="fl-35"/>
      </object_component>
      <object_component id="oc-399">
         <name>.text</name>
         <load_address>0x8778</load_address>
         <run_address>0x8778</run_address>
         <size>0x18</size>
         <input_file_ref idref="fl-29"/>
      </object_component>
      <object_component id="oc-4e2">
         <name>.text:CO_getUint16</name>
         <load_address>0x8790</load_address>
         <run_address>0x8790</run_address>
         <size>0x16</size>
         <input_file_ref idref="fl-7"/>
      </object_component>
      <object_component id="oc-26d">
         <name>.text</name>
         <load_address>0x87a6</load_address>
         <run_address>0x87a6</run_address>
         <size>0x16</size>
         <input_file_ref idref="fl-28"/>
      </object_component>
      <object_component id="oc-584">
         <name>.text</name>
         <load_address>0x87bc</load_address>
         <run_address>0x87bc</run_address>
         <size>0x16</size>
         <input_file_ref idref="fl-4d"/>
      </object_component>
      <object_component id="oc-474">
         <name>.text:CO_getUint32</name>
         <load_address>0x87d2</load_address>
         <run_address>0x87d2</run_address>
         <size>0x14</size>
         <input_file_ref idref="fl-3"/>
      </object_component>
      <object_component id="oc-4f1">
         <name>.text:CO_getUint32</name>
         <load_address>0x87e6</load_address>
         <run_address>0x87e6</run_address>
         <size>0x14</size>
         <input_file_ref idref="fl-4"/>
      </object_component>
      <object_component id="oc-4a4">
         <name>.text:CO_getUint32</name>
         <load_address>0x87fa</load_address>
         <run_address>0x87fa</run_address>
         <size>0x14</size>
         <input_file_ref idref="fl-7"/>
      </object_component>
      <object_component id="oc-463">
         <name>.text:CO_getUint32</name>
         <load_address>0x880e</load_address>
         <run_address>0x880e</run_address>
         <size>0x14</size>
         <input_file_ref idref="fl-9"/>
      </object_component>
      <object_component id="oc-487">
         <name>.text:CO_getUint32</name>
         <load_address>0x8822</load_address>
         <run_address>0x8822</run_address>
         <size>0x14</size>
         <input_file_ref idref="fl-a"/>
      </object_component>
      <object_component id="oc-47a">
         <name>.text:CO_setUint32</name>
         <load_address>0x8836</load_address>
         <run_address>0x8836</run_address>
         <size>0x14</size>
         <input_file_ref idref="fl-3"/>
      </object_component>
      <object_component id="oc-4aa">
         <name>.text:CO_setUint32</name>
         <load_address>0x884a</load_address>
         <run_address>0x884a</run_address>
         <size>0x14</size>
         <input_file_ref idref="fl-7"/>
      </object_component>
      <object_component id="oc-469">
         <name>.text:CO_setUint32</name>
         <load_address>0x885e</load_address>
         <run_address>0x885e</run_address>
         <size>0x14</size>
         <input_file_ref idref="fl-9"/>
      </object_component>
      <object_component id="oc-114">
         <name>.text</name>
         <load_address>0x8874</load_address>
         <run_address>0x8874</run_address>
         <size>0x14</size>
         <input_file_ref idref="fl-33"/>
      </object_component>
      <object_component id="oc-225">
         <name>.text</name>
         <load_address>0x8888</load_address>
         <run_address>0x8888</run_address>
         <size>0x14</size>
         <input_file_ref idref="fl-4e"/>
      </object_component>
      <object_component id="oc-d7">
         <name>.text:CO_CANsetNormalMode</name>
         <load_address>0x889c</load_address>
         <run_address>0x889c</run_address>
         <size>0x10</size>
         <input_file_ref idref="fl-c"/>
      </object_component>
      <object_component id="oc-3">
         <name>.text:decompress:none</name>
         <load_address>0x88ac</load_address>
         <run_address>0x88ac</run_address>
         <size>0xe</size>
         <input_file_ref idref="fl-15"/>
      </object_component>
      <object_component id="oc-1cc">
         <name>.text:CO_CANmodule_disable</name>
         <load_address>0x88ba</load_address>
         <run_address>0x88ba</run_address>
         <size>0xa</size>
         <input_file_ref idref="fl-c"/>
      </object_component>
      <object_component id="oc-14e">
         <name>.text:CO_CANsetConfigurationMode</name>
         <load_address>0x88c4</load_address>
         <run_address>0x88c4</run_address>
         <size>0xa</size>
         <input_file_ref idref="fl-c"/>
      </object_component>
      <object_component id="oc-43d">
         <name>.text</name>
         <load_address>0x88ce</load_address>
         <run_address>0x88ce</run_address>
         <size>0x8</size>
         <input_file_ref idref="fl-51"/>
      </object_component>
      <object_component id="oc-9">
         <name>.text:decompress:rle24</name>
         <load_address>0x88d6</load_address>
         <run_address>0x88d6</run_address>
         <size>0x6</size>
         <input_file_ref idref="fl-16"/>
      </object_component>
      <object_component id="oc-49">
         <name>.text</name>
         <load_address>0x88dc</load_address>
         <run_address>0x88dc</run_address>
         <size>0x4</size>
         <input_file_ref idref="fl-24"/>
      </object_component>
      <object_component id="oc-182">
         <name>.const:CO_OD</name>
         <load_address>0x88e0</load_address>
         <run_address>0x88e0</run_address>
         <size>0x2ac</size>
         <input_file_ref idref="fl-6"/>
      </object_component>
      <object_component id="oc-5c1">
         <name>.const:CO_fifo_crc16_ccitt_table</name>
         <load_address>0x8b8c</load_address>
         <run_address>0x8b8c</run_address>
         <size>0x200</size>
         <input_file_ref idref="fl-d"/>
      </object_component>
      <object_component id="oc-52d">
         <name>.const:crc16_ccitt_table</name>
         <load_address>0x8d8c</load_address>
         <run_address>0x8d8c</run_address>
         <size>0x200</size>
         <input_file_ref idref="fl-e"/>
      </object_component>
      <object_component id="oc-44c">
         <name>.const:.string:_ctypes_</name>
         <load_address>0x8f8c</load_address>
         <run_address>0x8f8c</run_address>
         <size>0x101</size>
         <input_file_ref idref="fl-39"/>
      </object_component>
      <object_component id="oc-329">
         <name>.const:OD_record1600</name>
         <load_address>0x9090</load_address>
         <run_address>0x9090</run_address>
         <size>0x48</size>
         <input_file_ref idref="fl-6"/>
      </object_component>
      <object_component id="oc-32c">
         <name>.const:OD_record1601</name>
         <load_address>0x90d8</load_address>
         <run_address>0x90d8</run_address>
         <size>0x48</size>
         <input_file_ref idref="fl-6"/>
      </object_component>
      <object_component id="oc-32f">
         <name>.const:OD_record1602</name>
         <load_address>0x9120</load_address>
         <run_address>0x9120</run_address>
         <size>0x48</size>
         <input_file_ref idref="fl-6"/>
      </object_component>
      <object_component id="oc-332">
         <name>.const:OD_record1603</name>
         <load_address>0x9168</load_address>
         <run_address>0x9168</run_address>
         <size>0x48</size>
         <input_file_ref idref="fl-6"/>
      </object_component>
      <object_component id="oc-341">
         <name>.const:OD_record1A00</name>
         <load_address>0x91b0</load_address>
         <run_address>0x91b0</run_address>
         <size>0x48</size>
         <input_file_ref idref="fl-6"/>
      </object_component>
      <object_component id="oc-344">
         <name>.const:OD_record1A01</name>
         <load_address>0x91f8</load_address>
         <run_address>0x91f8</run_address>
         <size>0x48</size>
         <input_file_ref idref="fl-6"/>
      </object_component>
      <object_component id="oc-347">
         <name>.const:OD_record1A02</name>
         <load_address>0x9240</load_address>
         <run_address>0x9240</run_address>
         <size>0x48</size>
         <input_file_ref idref="fl-6"/>
      </object_component>
      <object_component id="oc-34a">
         <name>.const:OD_record1A03</name>
         <load_address>0x9288</load_address>
         <run_address>0x9288</run_address>
         <size>0x48</size>
         <input_file_ref idref="fl-6"/>
      </object_component>
      <object_component id="oc-335">
         <name>.const:OD_record1800</name>
         <load_address>0x92d0</load_address>
         <run_address>0x92d0</run_address>
         <size>0x38</size>
         <input_file_ref idref="fl-6"/>
      </object_component>
      <object_component id="oc-338">
         <name>.const:OD_record1801</name>
         <load_address>0x9308</load_address>
         <run_address>0x9308</run_address>
         <size>0x38</size>
         <input_file_ref idref="fl-6"/>
      </object_component>
      <object_component id="oc-33b">
         <name>.const:OD_record1802</name>
         <load_address>0x9340</load_address>
         <run_address>0x9340</run_address>
         <size>0x38</size>
         <input_file_ref idref="fl-6"/>
      </object_component>
      <object_component id="oc-33e">
         <name>.const:OD_record1803</name>
         <load_address>0x9378</load_address>
         <run_address>0x9378</run_address>
         <size>0x38</size>
         <input_file_ref idref="fl-6"/>
      </object_component>
      <object_component id="oc-34d">
         <name>.const:OD_record2120</name>
         <load_address>0x93b0</load_address>
         <run_address>0x93b0</run_address>
         <size>0x30</size>
         <input_file_ref idref="fl-6"/>
      </object_component>
      <object_component id="oc-314">
         <name>.const:OD_record1018</name>
         <load_address>0x93e0</load_address>
         <run_address>0x93e0</run_address>
         <size>0x28</size>
         <input_file_ref idref="fl-6"/>
      </object_component>
      <object_component id="oc-31a">
         <name>.const:OD_record1280</name>
         <load_address>0x9408</load_address>
         <run_address>0x9408</run_address>
         <size>0x20</size>
         <input_file_ref idref="fl-6"/>
      </object_component>
      <object_component id="oc-350">
         <name>.const:OD_record2130</name>
         <load_address>0x9428</load_address>
         <run_address>0x9428</run_address>
         <size>0x20</size>
         <input_file_ref idref="fl-6"/>
      </object_component>
      <object_component id="oc-317">
         <name>.const:OD_record1200</name>
         <load_address>0x9448</load_address>
         <run_address>0x9448</run_address>
         <size>0x18</size>
         <input_file_ref idref="fl-6"/>
      </object_component>
      <object_component id="oc-31d">
         <name>.const:OD_record1400</name>
         <load_address>0x9460</load_address>
         <run_address>0x9460</run_address>
         <size>0x18</size>
         <input_file_ref idref="fl-6"/>
      </object_component>
      <object_component id="oc-320">
         <name>.const:OD_record1401</name>
         <load_address>0x9478</load_address>
         <run_address>0x9478</run_address>
         <size>0x18</size>
         <input_file_ref idref="fl-6"/>
      </object_component>
      <object_component id="oc-323">
         <name>.const:OD_record1402</name>
         <load_address>0x9490</load_address>
         <run_address>0x9490</run_address>
         <size>0x18</size>
         <input_file_ref idref="fl-6"/>
      </object_component>
      <object_component id="oc-326">
         <name>.const:OD_record1403</name>
         <load_address>0x94a8</load_address>
         <run_address>0x94a8</run_address>
         <size>0x18</size>
         <input_file_ref idref="fl-6"/>
      </object_component>
      <object_component id="oc-f2">
         <name>.data</name>
         <load_address>0x971c</load_address>
         <run_address>0x971c</run_address>
         <size>0x4</size>
         <input_file_ref idref="fl-2"/>
      </object_component>
      <object_component id="oc-185">
         <name>.data:CO_OD_RAM</name>
         <load_address>0x9720</load_address>
         <run_address>0x9720</run_address>
         <size>0x140</size>
         <input_file_ref idref="fl-6"/>
      </object_component>
      <object_component id="oc-ef">
         <name>.data:CO_OD_EEPROM</name>
         <load_address>0x9a20</load_address>
         <run_address>0x9a20</run_address>
         <size>0x4c</size>
         <input_file_ref idref="fl-6"/>
      </object_component>
      <object_component id="oc-17f">
         <name>.data:CO_OD_ROM</name>
         <load_address>0x94c0</load_address>
         <run_address>0x94c0</run_address>
         <size>0x25c</size>
         <input_file_ref idref="fl-6"/>
      </object_component>
      <object_component id="oc-56b">
         <name>.data</name>
         <load_address>0x9a9c</load_address>
         <run_address>0x9a9c</run_address>
         <size>0x4</size>
         <input_file_ref idref="fl-7"/>
      </object_component>
      <object_component id="oc-f5">
         <name>.data</name>
         <load_address>0x9aac</load_address>
         <run_address>0x9aac</run_address>
         <size>0x2</size>
         <input_file_ref idref="fl-10"/>
      </object_component>
      <object_component id="oc-f8">
         <name>.data:_ftable</name>
         <load_address>0x9860</load_address>
         <run_address>0x9860</run_address>
         <size>0xf0</size>
         <input_file_ref idref="fl-18"/>
      </object_component>
      <object_component id="oc-1a3">
         <name>.data</name>
         <load_address>0x9a6c</load_address>
         <run_address>0x9a6c</run_address>
         <size>0x10</size>
         <input_file_ref idref="fl-18"/>
      </object_component>
      <object_component id="oc-99">
         <name>.data:$O1$$</name>
         <load_address>0x9a7c</load_address>
         <run_address>0x9a7c</run_address>
         <size>0xc</size>
         <input_file_ref idref="fl-19"/>
      </object_component>
      <object_component id="oc-3a5">
         <name>.data:$O1$$</name>
         <load_address>0x9950</load_address>
         <run_address>0x9950</run_address>
         <size>0xd0</size>
         <input_file_ref idref="fl-1e"/>
      </object_component>
      <object_component id="oc-1e6">
         <name>.data:$O1$$</name>
         <load_address>0x9a88</load_address>
         <run_address>0x9a88</run_address>
         <size>0xc</size>
         <input_file_ref idref="fl-21"/>
      </object_component>
      <object_component id="oc-61">
         <name>.data</name>
         <load_address>0x9aa8</load_address>
         <run_address>0x9aa8</run_address>
         <size>0x4</size>
         <input_file_ref idref="fl-27"/>
      </object_component>
      <object_component id="oc-9c">
         <name>.data:$O1$$</name>
         <load_address>0x9a94</load_address>
         <run_address>0x9a94</run_address>
         <size>0x8</size>
         <input_file_ref idref="fl-33"/>
      </object_component>
      <object_component id="oc-443">
         <name>.data</name>
         <load_address>0x9aa0</load_address>
         <run_address>0x9aa0</run_address>
         <size>0x4</size>
         <input_file_ref idref="fl-3a"/>
      </object_component>
      <object_component id="oc-5a3">
         <name>.data</name>
         <load_address>0x9aa4</load_address>
         <run_address>0x9aa4</run_address>
         <size>0x4</size>
         <input_file_ref idref="fl-53"/>
      </object_component>
      <object_component id="oc-12d">
         <name>.bss:COO</name>
         <uninitialized>true</uninitialized>
         <run_address>0x9c70</run_address>
         <size>0x44</size>
         <input_file_ref idref="fl-2"/>
      </object_component>
      <object_component id="oc-130">
         <name>.bss</name>
         <uninitialized>true</uninitialized>
         <run_address>0x9cb4</run_address>
         <size>0x10</size>
         <input_file_ref idref="fl-2"/>
      </object_component>
      <object_component id="oc-56a">
         <name>.bss</name>
         <uninitialized>true</uninitialized>
         <run_address>0x9ccc</run_address>
         <size>0x4</size>
         <input_file_ref idref="fl-7"/>
      </object_component>
      <object_component id="oc-58a">
         <name>.bss:parmbuf</name>
         <uninitialized>true</uninitialized>
         <run_address>0x9cc4</run_address>
         <size>0x8</size>
         <input_file_ref idref="fl-30"/>
      </object_component>
      <object_component id="oc-5b1">
         <name>.bss:_CIOBUF_</name>
         <uninitialized>true</uninitialized>
         <run_address>0x9ab0</run_address>
         <size>0x120</size>
         <input_file_ref idref="fl-31"/>
      </object_component>
      <object_component id="oc-5bc">
         <name>.common:__TI_tmpnams</name>
         <uninitialized>true</uninitialized>
         <run_address>0x9bd0</run_address>
         <size>0xa0</size>
      </object_component>
      <object_component id="oc-5f5">
         <name>.cinit..data.load</name>
         <load_address>0x9dd8</load_address>
         <run_address>0x9dd8</run_address>
         <size>0x196</size>
      </object_component>
      <object_component id="oc-5f6">
         <name>.cinit..bss.load</name>
         <load_address>0x9f70</load_address>
         <run_address>0x9f70</run_address>
         <size>0xb</size>
      </object_component>
      <object_component id="oc-5f3">
         <name>__TI_handler_table</name>
         <load_address>0x9f7c</load_address>
         <run_address>0x9f7c</run_address>
         <size>0x8</size>
      </object_component>
      <object_component id="oc-5f4">
         <name>__TI_cinit_table</name>
         <load_address>0x9f84</load_address>
         <run_address>0x9f84</run_address>
         <size>0x10</size>
      </object_component>
      <object_component id="oc-134">
         <name>.debug_info</name>
         <load_address>0x0</load_address>
         <run_address>0x0</run_address>
         <size>0xc12</size>
         <input_file_ref idref="fl-2"/>
      </object_component>
      <object_component id="oc-12e">
         <name>.debug_info</name>
         <load_address>0xc12</load_address>
         <run_address>0xc12</run_address>
         <size>0xec</size>
         <input_file_ref idref="fl-2"/>
      </object_component>
      <object_component id="oc-f3">
         <name>.debug_info</name>
         <load_address>0xcfe</load_address>
         <run_address>0xcfe</run_address>
         <size>0xeb</size>
         <input_file_ref idref="fl-2"/>
      </object_component>
      <object_component id="oc-131">
         <name>.debug_info</name>
         <load_address>0xde9</load_address>
         <run_address>0xde9</run_address>
         <size>0x1c0</size>
         <input_file_ref idref="fl-2"/>
      </object_component>
      <object_component id="oc-c0">
         <name>.debug_info</name>
         <load_address>0xfa9</load_address>
         <run_address>0xfa9</run_address>
         <size>0x27c</size>
         <input_file_ref idref="fl-2"/>
      </object_component>
      <object_component id="oc-ea">
         <name>.debug_info</name>
         <load_address>0x1225</load_address>
         <run_address>0x1225</run_address>
         <size>0x244</size>
         <input_file_ref idref="fl-2"/>
      </object_component>
      <object_component id="oc-cc">
         <name>.debug_info</name>
         <load_address>0x1469</load_address>
         <run_address>0x1469</run_address>
         <size>0x1d5</size>
         <input_file_ref idref="fl-2"/>
      </object_component>
      <object_component id="oc-d2">
         <name>.debug_info</name>
         <load_address>0x163e</load_address>
         <run_address>0x163e</run_address>
         <size>0x2ed</size>
         <input_file_ref idref="fl-2"/>
      </object_component>
      <object_component id="oc-e4">
         <name>.debug_info</name>
         <load_address>0x192b</load_address>
         <run_address>0x192b</run_address>
         <size>0x2ab</size>
         <input_file_ref idref="fl-2"/>
      </object_component>
      <object_component id="oc-1f5">
         <name>.debug_info</name>
         <load_address>0x1bd6</load_address>
         <run_address>0x1bd6</run_address>
         <size>0xb2c</size>
         <input_file_ref idref="fl-2"/>
      </object_component>
      <object_component id="oc-101">
         <name>.debug_info</name>
         <load_address>0x2702</load_address>
         <run_address>0x2702</run_address>
         <size>0x2c5</size>
         <input_file_ref idref="fl-2"/>
      </object_component>
      <object_component id="oc-20e">
         <name>.debug_info</name>
         <load_address>0x29c7</load_address>
         <run_address>0x29c7</run_address>
         <size>0x290</size>
         <input_file_ref idref="fl-2"/>
      </object_component>
      <object_component id="oc-fc">
         <name>.debug_info</name>
         <load_address>0x2c57</load_address>
         <run_address>0x2c57</run_address>
         <size>0x1c7</size>
         <input_file_ref idref="fl-2"/>
      </object_component>
      <object_component id="oc-1fa">
         <name>.debug_info</name>
         <load_address>0x2e1e</load_address>
         <run_address>0x2e1e</run_address>
         <size>0x1f8</size>
         <input_file_ref idref="fl-2"/>
      </object_component>
      <object_component id="oc-1ff">
         <name>.debug_info</name>
         <load_address>0x3016</load_address>
         <run_address>0x3016</run_address>
         <size>0x23d</size>
         <input_file_ref idref="fl-2"/>
      </object_component>
      <object_component id="oc-411">
         <name>.debug_info</name>
         <load_address>0x3253</load_address>
         <run_address>0x3253</run_address>
         <size>0x121</size>
         <input_file_ref idref="fl-2"/>
      </object_component>
      <object_component id="oc-213">
         <name>.debug_info</name>
         <load_address>0x3374</load_address>
         <run_address>0x3374</run_address>
         <size>0x395</size>
         <input_file_ref idref="fl-2"/>
      </object_component>
      <object_component id="oc-1c7">
         <name>.debug_info</name>
         <load_address>0x3709</load_address>
         <run_address>0x3709</run_address>
         <size>0x256</size>
         <input_file_ref idref="fl-2"/>
      </object_component>
      <object_component id="oc-1d5">
         <name>.debug_info</name>
         <load_address>0x395f</load_address>
         <run_address>0x395f</run_address>
         <size>0xa78</size>
         <input_file_ref idref="fl-2"/>
      </object_component>
      <object_component id="oc-204">
         <name>.debug_info</name>
         <load_address>0x43d7</load_address>
         <run_address>0x43d7</run_address>
         <size>0x19e</size>
         <input_file_ref idref="fl-2"/>
      </object_component>
      <object_component id="oc-209">
         <name>.debug_info</name>
         <load_address>0x4575</load_address>
         <run_address>0x4575</run_address>
         <size>0x5e5</size>
         <input_file_ref idref="fl-2"/>
      </object_component>
      <object_component id="oc-1ec">
         <name>.debug_info</name>
         <load_address>0x4b5a</load_address>
         <run_address>0x4b5a</run_address>
         <size>0x112</size>
         <input_file_ref idref="fl-2"/>
      </object_component>
      <object_component id="oc-71">
         <name>.debug_info</name>
         <load_address>0x4c6c</load_address>
         <run_address>0x4c6c</run_address>
         <size>0x84</size>
         <input_file_ref idref="fl-2"/>
      </object_component>
      <object_component id="oc-106">
         <name>.debug_info</name>
         <load_address>0x4cf0</load_address>
         <run_address>0x4cf0</run_address>
         <size>0x18b</size>
         <input_file_ref idref="fl-2"/>
      </object_component>
      <object_component id="oc-218">
         <name>.debug_info</name>
         <load_address>0x4e7b</load_address>
         <run_address>0x4e7b</run_address>
         <size>0x46</size>
         <input_file_ref idref="fl-2"/>
      </object_component>
      <object_component id="oc-2cd">
         <name>.debug_info</name>
         <load_address>0x4ec1</load_address>
         <run_address>0x4ec1</run_address>
         <size>0x378</size>
         <input_file_ref idref="fl-3"/>
      </object_component>
      <object_component id="oc-476">
         <name>.debug_info</name>
         <load_address>0x5239</load_address>
         <run_address>0x5239</run_address>
         <size>0x17b</size>
         <input_file_ref idref="fl-3"/>
      </object_component>
      <object_component id="oc-47b">
         <name>.debug_info</name>
         <load_address>0x53b4</load_address>
         <run_address>0x53b4</run_address>
         <size>0x18a</size>
         <input_file_ref idref="fl-3"/>
      </object_component>
      <object_component id="oc-2c8">
         <name>.debug_info</name>
         <load_address>0x553e</load_address>
         <run_address>0x553e</run_address>
         <size>0x216</size>
         <input_file_ref idref="fl-3"/>
      </object_component>
      <object_component id="oc-2bc">
         <name>.debug_info</name>
         <load_address>0x5754</load_address>
         <run_address>0x5754</run_address>
         <size>0x1d0</size>
         <input_file_ref idref="fl-3"/>
      </object_component>
      <object_component id="oc-2c2">
         <name>.debug_info</name>
         <load_address>0x5924</load_address>
         <run_address>0x5924</run_address>
         <size>0x1ce</size>
         <input_file_ref idref="fl-3"/>
      </object_component>
      <object_component id="oc-163">
         <name>.debug_info</name>
         <load_address>0x5af2</load_address>
         <run_address>0x5af2</run_address>
         <size>0x38b</size>
         <input_file_ref idref="fl-3"/>
      </object_component>
      <object_component id="oc-1b0">
         <name>.debug_info</name>
         <load_address>0x5e7d</load_address>
         <run_address>0x5e7d</run_address>
         <size>0x422</size>
         <input_file_ref idref="fl-3"/>
      </object_component>
      <object_component id="oc-3e6">
         <name>.debug_info</name>
         <load_address>0x629f</load_address>
         <run_address>0x629f</run_address>
         <size>0x2a2</size>
         <input_file_ref idref="fl-3"/>
      </object_component>
      <object_component id="oc-3ed">
         <name>.debug_info</name>
         <load_address>0x6541</load_address>
         <run_address>0x6541</run_address>
         <size>0x269</size>
         <input_file_ref idref="fl-3"/>
      </object_component>
      <object_component id="oc-3f4">
         <name>.debug_info</name>
         <load_address>0x67aa</load_address>
         <run_address>0x67aa</run_address>
         <size>0x1cb</size>
         <input_file_ref idref="fl-3"/>
      </object_component>
      <object_component id="oc-79">
         <name>.debug_info</name>
         <load_address>0x6975</load_address>
         <run_address>0x6975</run_address>
         <size>0x2c</size>
         <input_file_ref idref="fl-3"/>
      </object_component>
      <object_component id="oc-37e">
         <name>.debug_info</name>
         <load_address>0x69a1</load_address>
         <run_address>0x69a1</run_address>
         <size>0x395</size>
         <input_file_ref idref="fl-4"/>
      </object_component>
      <object_component id="oc-4f2">
         <name>.debug_info</name>
         <load_address>0x6d36</load_address>
         <run_address>0x6d36</run_address>
         <size>0x17c</size>
         <input_file_ref idref="fl-4"/>
      </object_component>
      <object_component id="oc-4ed">
         <name>.debug_info</name>
         <load_address>0x6eb2</load_address>
         <run_address>0x6eb2</run_address>
         <size>0x1db</size>
         <input_file_ref idref="fl-4"/>
      </object_component>
      <object_component id="oc-37b">
         <name>.debug_info</name>
         <load_address>0x708d</load_address>
         <run_address>0x708d</run_address>
         <size>0x210</size>
         <input_file_ref idref="fl-4"/>
      </object_component>
      <object_component id="oc-192">
         <name>.debug_info</name>
         <load_address>0x729d</load_address>
         <run_address>0x729d</run_address>
         <size>0x317</size>
         <input_file_ref idref="fl-4"/>
      </object_component>
      <object_component id="oc-374">
         <name>.debug_info</name>
         <load_address>0x75b4</load_address>
         <run_address>0x75b4</run_address>
         <size>0x316</size>
         <input_file_ref idref="fl-4"/>
      </object_component>
      <object_component id="oc-1c3">
         <name>.debug_info</name>
         <load_address>0x78ca</load_address>
         <run_address>0x78ca</run_address>
         <size>0x406</size>
         <input_file_ref idref="fl-4"/>
      </object_component>
      <object_component id="oc-2d5">
         <name>.debug_info</name>
         <load_address>0x7cd0</load_address>
         <run_address>0x7cd0</run_address>
         <size>0x311</size>
         <input_file_ref idref="fl-5"/>
      </object_component>
      <object_component id="oc-2cf">
         <name>.debug_info</name>
         <load_address>0x7fe1</load_address>
         <run_address>0x7fe1</run_address>
         <size>0x247</size>
         <input_file_ref idref="fl-5"/>
      </object_component>
      <object_component id="oc-168">
         <name>.debug_info</name>
         <load_address>0x8228</load_address>
         <run_address>0x8228</run_address>
         <size>0x370</size>
         <input_file_ref idref="fl-5"/>
      </object_component>
      <object_component id="oc-1b5">
         <name>.debug_info</name>
         <load_address>0x8598</load_address>
         <run_address>0x8598</run_address>
         <size>0x40f</size>
         <input_file_ref idref="fl-5"/>
      </object_component>
      <object_component id="oc-355">
         <name>.debug_info</name>
         <load_address>0x89a7</load_address>
         <run_address>0x89a7</run_address>
         <size>0x306</size>
         <input_file_ref idref="fl-6"/>
      </object_component>
      <object_component id="oc-186">
         <name>.debug_info</name>
         <load_address>0x8cad</load_address>
         <run_address>0x8cad</run_address>
         <size>0xf7</size>
         <input_file_ref idref="fl-6"/>
      </object_component>
      <object_component id="oc-f0">
         <name>.debug_info</name>
         <load_address>0x8da4</load_address>
         <run_address>0x8da4</run_address>
         <size>0xfd</size>
         <input_file_ref idref="fl-6"/>
      </object_component>
      <object_component id="oc-180">
         <name>.debug_info</name>
         <load_address>0x8ea1</load_address>
         <run_address>0x8ea1</run_address>
         <size>0xf7</size>
         <input_file_ref idref="fl-6"/>
      </object_component>
      <object_component id="oc-315">
         <name>.debug_info</name>
         <load_address>0x8f98</load_address>
         <run_address>0x8f98</run_address>
         <size>0xff</size>
         <input_file_ref idref="fl-6"/>
      </object_component>
      <object_component id="oc-318">
         <name>.debug_info</name>
         <load_address>0x9097</load_address>
         <run_address>0x9097</run_address>
         <size>0xff</size>
         <input_file_ref idref="fl-6"/>
      </object_component>
      <object_component id="oc-31b">
         <name>.debug_info</name>
         <load_address>0x9196</load_address>
         <run_address>0x9196</run_address>
         <size>0xff</size>
         <input_file_ref idref="fl-6"/>
      </object_component>
      <object_component id="oc-31e">
         <name>.debug_info</name>
         <load_address>0x9295</load_address>
         <run_address>0x9295</run_address>
         <size>0xff</size>
         <input_file_ref idref="fl-6"/>
      </object_component>
      <object_component id="oc-321">
         <name>.debug_info</name>
[...]
         <object_component_ref idref="oc-14e"/>
      </symbol>
      <symbol id="sm-7b4">
         <name>CO_fifo_write</name>
         <value>0x73e9</value>
         <object_component_ref idref="oc-573"/>
      </symbol>
      <symbol id="sm-7b5">
         <name>CO_fifo_init</name>
         <value>0x8691</value>
         <object_component_ref idref="oc-37f"/>
      </symbol>
      <symbol id="sm-7cd">
         <name>crc16_ccitt</name>
         <value>0x815d</value>
         <object_component_ref idref="oc-3cc"/>
      </symbol>
      <symbol id="sm-80b">
         <name>CO_timer1ms</name>
         <value>0x9aac</value>
         <object_component_ref idref="oc-f5"/>
      </symbol>
      <symbol id="sm-80c">
         <name>main</name>
         <value>0x3d71</value>
         <object_component_ref idref="oc-91"/>
      </symbol>
      <symbol id="sm-81c">
         <name>_c_int00</name>
         <value>0x859d</value>
         <object_component_ref idref="oc-15"/>
      </symbol>
      <symbol id="sm-81d">
         <name>__stack</name>
         <value>0x9cd0</value>
         <object_component_ref idref="oc-1a"/>
      </symbol>
      <symbol id="sm-834">
         <name>__TI_decompress_none</name>
         <value>0x88ad</value>
         <object_component_ref idref="oc-3"/>
      </symbol>
      <symbol id="sm-857">
         <name>__TI_decompress_rle24</name>
         <value>0x88d7</value>
         <object_component_ref idref="oc-9"/>
      </symbol>
      <symbol id="sm-872">
         <name>__TI_tmpnams</name>
         <value>0x9bd0</value>
      </symbol>
      <symbol id="sm-873">
         <name>__aeabi_stdout</name>
         <value>0x9a74</value>
         <object_component_ref idref="oc-1a3"/>
      </symbol>
      <symbol id="sm-874">
         <name>__aeabi_stderr</name>
         <value>0x9a78</value>
         <object_component_ref idref="oc-1a3"/>
      </symbol>
      <symbol id="sm-875">
         <name>__aeabi_stdin</name>
         <value>0x9a70</value>
         <object_component_ref idref="oc-1a3"/>
      </symbol>
      <symbol id="sm-876">
         <name>_ftable</name>
         <value>0x9860</value>
         <object_component_ref idref="oc-f8"/>
      </symbol>
      <symbol id="sm-877">
         <name>__TI_ft_end</name>
         <value>0x9a6c</value>
         <object_component_ref idref="oc-1a3"/>
      </symbol>
      <symbol id="sm-898">
         <name>C$$EXIT</name>
         <value>0x83cd</value>
         <object_component_ref idref="oc-5b"/>
      </symbol>
      <symbol id="sm-899">
         <name>abort</name>
         <value>0x83d1</value>
         <object_component_ref idref="oc-5b"/>
      </symbol>
      <symbol id="sm-89a">
         <name>exit</name>
         <value>0x83d9</value>
         <object_component_ref idref="oc-5b"/>
      </symbol>
      <symbol id="sm-89b">
         <name>__TI_dtors_ptr</name>
         <value>0x9a80</value>
         <object_component_ref idref="oc-99"/>
      </symbol>
      <symbol id="sm-89c">
         <name>__TI_cleanup_ptr</name>
         <value>0x9a7c</value>
         <object_component_ref idref="oc-99"/>
      </symbol>
      <symbol id="sm-89d">
         <name>__TI_enable_exit_profile_output</name>
         <value>0x9a84</value>
         <object_component_ref idref="oc-99"/>
      </symbol>
      <symbol id="sm-8b7">
         <name>__TI_doflush</name>
         <value>0x7051</value>
         <object_component_ref idref="oc-dd"/>
      </symbol>
      <symbol id="sm-8b8">
         <name>fflush</name>
         <value>0x709d</value>
         <object_component_ref idref="oc-dd"/>
      </symbol>
      <symbol id="sm-90e">
         <name>open</name>
         <value>0x36e3</value>
         <object_component_ref idref="oc-19d"/>
      </symbol>
      <symbol id="sm-90f">
         <name>add_device</name>
         <value>0x3805</value>
         <object_component_ref idref="oc-19d"/>
      </symbol>
      <symbol id="sm-910">
         <name>remove_device</name>
         <value>0x3697</value>
         <object_component_ref idref="oc-19d"/>
      </symbol>
      <symbol id="sm-911">
         <name>lseek</name>
         <value>0x3791</value>
         <object_component_ref idref="oc-19d"/>
      </symbol>
      <symbol id="sm-912">
         <name>read</name>
         <value>0x36bf</value>
         <object_component_ref idref="oc-19d"/>
      </symbol>
      <symbol id="sm-913">
         <name>rename</name>
         <value>0x3659</value>
         <object_component_ref idref="oc-19d"/>
      </symbol>
      <symbol id="sm-914">
         <name>write</name>
         <value>0x35a5</value>
         <object_component_ref idref="oc-19d"/>
      </symbol>
      <symbol id="sm-915">
         <name>close</name>
         <value>0x37b5</value>
         <object_component_ref idref="oc-19d"/>
      </symbol>
      <symbol id="sm-916">
         <name>unlink</name>
         <value>0x3635</value>
         <object_component_ref idref="oc-19d"/>
      </symbol>
      <symbol id="sm-926">
         <name>memchr</name>
         <value>0x8725</value>
         <object_component_ref idref="oc-22b"/>
      </symbol>
      <symbol id="sm-941">
         <name>memcpy</name>
         <value>0x7685</value>
         <object_component_ref idref="oc-1e"/>
      </symbol>
      <symbol id="sm-942">
         <name>__aeabi_memcpy</name>
         <value>0x7685</value>
         <object_component_ref idref="oc-1e"/>
      </symbol>
      <symbol id="sm-943">
         <name>__aeabi_memcpy8</name>
         <value>0x7685</value>
         <object_component_ref idref="oc-1e"/>
      </symbol>
      <symbol id="sm-944">
         <name>__aeabi_memcpy4</name>
         <value>0x7685</value>
         <object_component_ref idref="oc-1e"/>
      </symbol>
      <symbol id="sm-9b8">
         <name>_sys_memory</name>
         <value>0x9dd0</value>
         <object_component_ref idref="oc-1b"/>
      </symbol>
      <symbol id="sm-9b9">
         <name>free</name>
         <value>0x2c6b</value>
         <object_component_ref idref="oc-127"/>
      </symbol>
      <symbol id="sm-9ba">
         <name>realloc</name>
         <value>0x2d2d</value>
         <object_component_ref idref="oc-127"/>
      </symbol>
      <symbol id="sm-9bb">
         <name>memalign</name>
         <value>0x2e39</value>
         <object_component_ref idref="oc-127"/>
      </symbol>
      <symbol id="sm-9bc">
         <name>calloc</name>
         <value>0x2f1d</value>
         <object_component_ref idref="oc-127"/>
      </symbol>
      <symbol id="sm-9bd">
         <name>malloc</name>
         <value>0x2c03</value>
         <object_component_ref idref="oc-127"/>
      </symbol>
      <symbol id="sm-9be">
         <name>minit</name>
         <value>0x2b75</value>
         <object_component_ref idref="oc-127"/>
      </symbol>
      <symbol id="sm-9cd">
         <name>__aeabi_memset</name>
         <value>0x7cb3</value>
         <object_component_ref idref="oc-37"/>
      </symbol>
      <symbol id="sm-9ce">
         <name>memset</name>
         <value>0x7cb9</value>
         <object_component_ref idref="oc-37"/>
      </symbol>
      <symbol id="sm-9cf">
         <name>__aeabi_memset8</name>
         <value>0x7cb3</value>
         <object_component_ref idref="oc-37"/>
      </symbol>
      <symbol id="sm-9d0">
         <name>__aeabi_memset4</name>
         <value>0x7cb3</value>
         <object_component_ref idref="oc-37"/>
      </symbol>
      <symbol id="sm-9d1">
         <name>__aeabi_memclr8</name>
         <value>0x7cb1</value>
         <object_component_ref idref="oc-37"/>
      </symbol>
      <symbol id="sm-9d2">
         <name>__aeabi_memclr4</name>
         <value>0x7cb1</value>
         <object_component_ref idref="oc-37"/>
      </symbol>
      <symbol id="sm-9d3">
         <name>__aeabi_memclr</name>
         <value>0x7cb1</value>
         <object_component_ref idref="oc-37"/>
      </symbol>
      <symbol id="sm-9dd">
         <name>__mpu_init</name>
         <value>0x2b73</value>
         <object_component_ref idref="oc-43"/>
      </symbol>
      <symbol id="sm-9e7">
         <name>_system_pre_init</name>
         <value>0x88dd</value>
         <object_component_ref idref="oc-49"/>
      </symbol>
      <symbol id="sm-a00">
         <name>printf</name>
         <value>0x7e85</value>
         <object_component_ref idref="oc-c5"/>
      </symbol>
      <symbol id="sm-a09">
         <name>main_func_sp</name>
         <value>0x9aa8</value>
         <object_component_ref idref="oc-61"/>
      </symbol>
      <symbol id="sm-a19">
         <name>strchr</name>
         <value>0x87a7</value>
         <object_component_ref idref="oc-26d"/>
      </symbol>
      <symbol id="sm-a28">
         <name>strcmp</name>
         <value>0x8779</value>
         <object_component_ref idref="oc-399"/>
      </symbol>
      <symbol id="sm-a38">
         <name>strncpy</name>
         <value>0x86c7</value>
         <object_component_ref idref="oc-39f"/>
      </symbol>
      <symbol id="sm-a65">
         <name>HOSTgetenv</name>
         <value>0x34e1</value>
         <object_component_ref idref="oc-508"/>
      </symbol>
      <symbol id="sm-a66">
         <name>HOSTrename</name>
         <value>0x3389</value>
         <object_component_ref idref="oc-508"/>
      </symbol>
      <symbol id="sm-a67">
         <name>HOSTclose</name>
         <value>0x351f</value>
         <object_component_ref idref="oc-508"/>
      </symbol>
      <symbol id="sm-a68">
         <name>HOSTtime64</name>
         <value>0x3305</value>
         <object_component_ref idref="oc-508"/>
      </symbol>
      <symbol id="sm-a69">
         <name>HOSTunlink</name>
         <value>0x32cd</value>
         <object_component_ref idref="oc-508"/>
      </symbol>
      <symbol id="sm-a6a">
         <name>HOSTlseek</name>
         <value>0x3485</value>
         <object_component_ref idref="oc-508"/>
      </symbol>
      <symbol id="sm-a6b">
         <name>HOSTopen</name>
         <value>0x3433</value>
         <object_component_ref idref="oc-508"/>
      </symbol>
      <symbol id="sm-a6c">
         <name>HOSTclock</name>
         <value>0x3557</value>
         <object_component_ref idref="oc-508"/>
      </symbol>
      <symbol id="sm-a6d">
         <name>HOSTwrite</name>
         <value>0x3281</value>
         <object_component_ref idref="oc-508"/>
      </symbol>
      <symbol id="sm-a6e">
         <name>HOSTread</name>
         <value>0x33e7</value>
         <object_component_ref idref="oc-508"/>
      </symbol>
      <symbol id="sm-a6f">
         <name>HOSTtime</name>
         <value>0x334f</value>
         <object_component_ref idref="oc-508"/>
      </symbol>
      <symbol id="sm-a8a">
         <name>__TI_readmsg</name>
         <value>0x805f</value>
         <object_component_ref idref="oc-57e"/>
      </symbol>
      <symbol id="sm-a8b">
         <name>C$$IO$$</name>
         <value>0x805b</value>
         <object_component_ref idref="oc-57e"/>
      </symbol>
      <symbol id="sm-a8c">
         <name>__CIOBUF_</name>
         <value>0x9ab0</value>
         <object_component_ref idref="oc-5b1"/>
      </symbol>
      <symbol id="sm-a8d">
         <name>__TI_writemsg</name>
         <value>0x802d</value>
         <object_component_ref idref="oc-57e"/>
      </symbol>
      <symbol id="sm-aa9">
         <name>__aeabi_uldivmod</name>
         <value>0x41a9</value>
         <object_component_ref idref="oc-233"/>
      </symbol>
      <symbol id="sm-ac2">
         <name>_nop</name>
         <value>0x8883</value>
         <object_component_ref idref="oc-114"/>
      </symbol>
      <symbol id="sm-ac3">
         <name>_lock</name>
         <value>0x9a94</value>
         <object_component_ref idref="oc-9c"/>
      </symbol>
      <symbol id="sm-ac4">
         <name>_unlock</name>
         <value>0x9a98</value>
         <object_component_ref idref="oc-9c"/>
      </symbol>
      <symbol id="sm-ac5">
         <name>_register_lock</name>
         <value>0x887b</value>
         <object_component_ref idref="oc-114"/>
      </symbol>
      <symbol id="sm-ac6">
         <name>_register_unlock</name>
         <value>0x8875</value>
         <object_component_ref idref="oc-114"/>
      </symbol>
      <symbol id="sm-bcd">
         <name>__TI_printfi</name>
         <value>0xe0b</value>
         <object_component_ref idref="oc-141"/>
      </symbol>
      <symbol id="sm-be1">
         <name>_args_main</name>
         <value>0x8761</value>
         <object_component_ref idref="oc-55"/>
      </symbol>
      <symbol id="sm-bf7">
         <name>atoi</name>
         <value>0x8475</value>
         <object_component_ref idref="oc-279"/>
      </symbol>
      <symbol id="sm-c1c">
         <name>__TI_auto_init</name>
         <value>0x7e0d</value>
         <object_component_ref idref="oc-4f"/>
      </symbol>
      <symbol id="sm-c36">
         <name>copy_in</name>
         <value>0x84c1</value>
         <object_component_ref idref="oc-83"/>
      </symbol>
      <symbol id="sm-c41">
         <name>_ctypes_</name>
         <value>0x8f8c</value>
         <object_component_ref idref="oc-44c"/>
      </symbol>
      <symbol id="sm-c49">
         <name>errno</name>
         <value>0x9aa0</value>
         <object_component_ref idref="oc-443"/>
      </symbol>
      <symbol id="sm-c60">
         <name>__aeabi_dsub</name>
         <value>0x4729</value>
         <object_component_ref idref="oc-25c"/>
      </symbol>
      <symbol id="sm-c61">
         <name>__aeabi_dadd</name>
         <value>0x4733</value>
         <object_component_ref idref="oc-25c"/>
      </symbol>
      <symbol id="sm-c83">
         <name>__aeabi_cdcmpeq</name>
         <value>0x7b21</value>
         <object_component_ref idref="oc-238"/>
      </symbol>
      <symbol id="sm-c84">
         <name>__aeabi_cdcmple</name>
         <value>0x7b21</value>
         <object_component_ref idref="oc-238"/>
      </symbol>
      <symbol id="sm-c85">
         <name>__aeabi_cdrcmple</name>
         <value>0x7ba7</value>
         <object_component_ref idref="oc-247"/>
      </symbol>
      <symbol id="sm-c99">
         <name>__aeabi_ddiv</name>
         <value>0x5891</value>
         <object_component_ref idref="oc-242"/>
      </symbol>
      <symbol id="sm-ca4">
         <name>__aeabi_dmul</name>
         <value>0x65f9</value>
         <object_component_ref idref="oc-23d"/>
      </symbol>
      <symbol id="sm-cae">
         <name>__aeabi_d2iz</name>
         <value>0x850d</value>
         <object_component_ref idref="oc-24c"/>
      </symbol>
      <symbol id="sm-cc5">
         <name>putc</name>
         <value>0x77b9</value>
         <object_component_ref idref="oc-135"/>
      </symbol>
      <symbol id="sm-cc6">
         <name>fputc</name>
         <value>0x77b9</value>
         <object_component_ref idref="oc-135"/>
      </symbol>
      <symbol id="sm-cc7">
         <name>putchar</name>
         <value>0x783d</value>
         <object_component_ref idref="oc-135"/>
      </symbol>
      <symbol id="sm-ce9">
         <name>puts</name>
         <value>0x5c07</value>
         <object_component_ref idref="oc-13b"/>
      </symbol>
      <symbol id="sm-cea">
         <name>fputs</name>
         <value>0x5afd</value>
         <object_component_ref idref="oc-13b"/>
      </symbol>
      <symbol id="sm-cf8">
         <name>__aeabi_i2d</name>
         <value>0x86f7</value>
         <object_component_ref idref="oc-257"/>
      </symbol>
      <symbol id="sm-d08">
         <name>ltoa</name>
         <value>0x8377</value>
         <object_component_ref idref="oc-251"/>
      </symbol>
      <symbol id="sm-d18">
         <name>memccpy</name>
         <value>0x8745</value>
         <object_component_ref idref="oc-273"/>
      </symbol>
      <symbol id="sm-d31">
         <name>frexpl</name>
         <value>0x81b9</value>
         <object_component_ref idref="oc-261"/>
      </symbol>
      <symbol id="sm-d32">
         <name>frexp</name>
         <value>0x81b9</value>
         <object_component_ref idref="oc-261"/>
      </symbol>
      <symbol id="sm-d50">
         <name>scalbn</name>
         <value>0x6eb1</value>
         <object_component_ref idref="oc-267"/>
      </symbol>
      <symbol id="sm-d51">
         <name>scalbnl</name>
         <value>0x6eb1</value>
         <object_component_ref idref="oc-267"/>
      </symbol>
      <symbol id="sm-d52">
         <name>ldexpl</name>
         <value>0x6eb1</value>
         <object_component_ref idref="oc-267"/>
      </symbol>
      <symbol id="sm-d53">
         <name>ldexp</name>
         <value>0x6eb1</value>
         <object_component_ref idref="oc-267"/>
      </symbol>
      <symbol id="sm-d5d">
         <name>_system_post_cinit</name>
         <value>0x48df</value>
         <object_component_ref idref="oc-89"/>
      </symbol>
      <symbol id="sm-d6b">
         <name>strcpy</name>
         <value>0x87bd</value>
         <object_component_ref idref="oc-584"/>
      </symbol>
      <symbol id="sm-d79">
         <name>strlen</name>
         <value>0x8889</value>
         <object_component_ref idref="oc-225"/>
      </symbol>
      <symbol id="sm-d97">
         <name>__TI_wrt_ok</name>
         <value>0x7495</value>
         <object_component_ref idref="oc-21d"/>
      </symbol>
      <symbol id="sm-d98">
         <name>__TI_rd_ok</name>
         <value>0x74f7</value>
         <object_component_ref idref="oc-21d"/>
      </symbol>
      <symbol id="sm-daa">
         <name>fseek</name>
         <value>0x8095</value>
         <object_component_ref idref="oc-416"/>
      </symbol>
      <symbol id="sm-db4">
         <name>copysign</name>
         <value>0x88cf</value>
         <object_component_ref idref="oc-43d"/>
      </symbol>
      <symbol id="sm-db5">
         <name>copysignl</name>
         <value>0x88cf</value>
         <object_component_ref idref="oc-43d"/>
      </symbol>
      <symbol id="sm-dd1">
         <name>setvbuf</name>
         <value>0x69a5</value>
         <object_component_ref idref="oc-41c"/>
      </symbol>
      <symbol id="sm-e03">
         <name>__TI_cleanup</name>
         <value>0x462d</value>
         <object_component_ref idref="oc-53f"/>
      </symbol>
      <symbol id="sm-e04">
         <name>freopen</name>
         <value>0x4659</value>
         <object_component_ref idref="oc-53f"/>
      </symbol>
      <symbol id="sm-e05">
         <name>fopen</name>
         <value>0x4683</value>
         <object_component_ref idref="oc-53f"/>
      </symbol>
      <symbol id="sm-e1b">
         <name>__TI_closefile</name>
         <value>0x7721</value>
         <object_component_ref idref="oc-59d"/>
      </symbol>
      <symbol id="sm-e1c">
         <name>fclose</name>
         <value>0x7787</value>
         <object_component_ref idref="oc-59d"/>
      </symbol>
      <symbol id="sm-e1e">
         <name>__TI_static_base__</name>
         <value>0x9dd8</value>
      </symbol>
      <symbol id="sm-e21">
         <name>SHT$$INIT_ARRAY$$Limit</name>
         <value>0x0</value>
      </symbol>
      <symbol id="sm-e22">
         <name>SHT$$INIT_ARRAY$$Base</name>
         <value>0x0</value>
      </symbol>
      <symbol id="sm-e23">
         <name>remove</name>
         <value>0x3635</value>
      </symbol>
   </symbol_table>
   <title>Link successful</title>
</link_info>
